// Jest Snapshot v1, https://goo.gl/fbAQLP

exports[`Button render snapshot 1`] = `
<View
  accessibilityLabel="button"
  accessibilityRole="button"
  accessibilityState={
    {
      "busy": undefined,
      "checked": undefined,
      "disabled": false,
      "expanded": undefined,
      "selected": undefined,
    }
  }
  accessibilityValue={
    {
      "max": undefined,
      "min": undefined,
      "now": undefined,
      "text": undefined,
    }
  }
  accessible={true}
  collapsable={false}
  focusable={false}
  onClick={[Function]}
  onResponderGrant={[Function]}
  onResponderMove={[Function]}
  onResponderRelease={[Function]}
  onResponderTerminate={[Function]}
  onResponderTerminationRequest={[Function]}
  onStartShouldSetResponder={[Function]}
  style={
    {
      "alignItems": "center",
      "backgroundColor": "#0065FE",
      "borderColor": "#0065FE",
      "borderRadius": 4,
      "borderStyle": "solid",
      "borderWidth": 0,
      "flexDirection": "column",
      "height": 44,
      "justifyContent": "center",
      "opacity": 1,
      "paddingHorizontal": 8,
    }
  }
>
  <View
    style={
      [
        {
          "alignItems": "center",
          "flexDirection": "row",
          "flexWrap": "nowrap",
          "justifyContent": "center",
        },
        undefined,
      ]
    }
  >
    <Text
      numberOfLines={1}
      style={
        {
          "color": "#FFFFFF",
          "fontSize": 16,
          "marginLeft": 0,
          "textAlign": "center",
        }
      }
    >
      primary
    </Text>
  </View>
</View>
`;
