// Jest Snapshot v1, https://goo.gl/fbAQLP

exports[`ActionSheet render snapshot 1`] = `null`;
