// Jest Snapshot v1, https://goo.gl/fbAQLP

exports[`ButtonBar render snapshot 1`] = `
<View
  accessibilityLabel="ButtonBar"
  collapsable={false}
  style={
    {
      "alignItems": "center",
      "backgroundColor": "#FFFFFF",
      "borderTopColor": "#EFF3F9",
      "borderTopWidth": 1,
      "flexDirection": "row",
      "height": 50,
      "justifyContent": "flex-end",
      "overflow": "hidden",
      "paddingBottom": 0,
      "paddingHorizontal": 12,
    }
  }
>
  <View
    style={
      [
        {
          "alignItems": "center",
          "flexDirection": "row",
          "flexWrap": "nowrap",
          "justifyContent": "flex-end",
          "paddingLeft": 0,
          "paddingRight": 0,
        },
        undefined,
      ]
    }
  >
    <View
      style={
        [
          {
            "marginBottom": 0,
            "marginRight": 8,
            "minWidth": undefined,
          },
          null,
        ]
      }
    >
      <View
        accessibilityRole="button"
        accessibilityState={
          {
            "busy": undefined,
            "checked": undefined,
            "disabled": false,
            "expanded": undefined,
            "selected": undefined,
          }
        }
        accessibilityValue={
          {
            "max": undefined,
            "min": undefined,
            "now": undefined,
            "text": undefined,
          }
        }
        accessible={true}
        collapsable={false}
        focusable={false}
        onClick={[Function]}
        onResponderGrant={[Function]}
        onResponderMove={[Function]}
        onResponderRelease={[Function]}
        onResponderTerminate={[Function]}
        onResponderTerminationRequest={[Function]}
        onStartShouldSetResponder={[Function]}
        style={
          {
            "alignItems": "center",
            "backgroundColor": "#0065FE",
            "borderColor": "#0065FE",
            "borderRadius": 4,
            "borderStyle": "solid",
            "borderWidth": 0,
            "flexDirection": "column",
            "height": 40,
            "justifyContent": "center",
            "minWidth": 92,
            "opacity": 1,
            "paddingHorizontal": 8,
          }
        }
      >
        <View
          style={
            [
              {
                "alignItems": "center",
                "flexDirection": "row",
                "flexWrap": "nowrap",
                "justifyContent": "center",
              },
              undefined,
            ]
          }
        >
          <Text
            numberOfLines={1}
            style={
              {
                "color": "#FFFFFF",
                "fontSize": 15,
                "marginLeft": 0,
                "textAlign": "center",
              }
            }
          >
            操作
          </Text>
        </View>
      </View>
    </View>
    <View
      style={
        [
          {
            "marginBottom": 0,
            "marginRight": 8,
            "minWidth": undefined,
          },
          {
            "marginRight": 0,
          },
        ]
      }
    >
      <View
        accessibilityRole="button"
        accessibilityState={
          {
            "busy": undefined,
            "checked": undefined,
            "disabled": false,
            "expanded": undefined,
            "selected": undefined,
          }
        }
        accessibilityValue={
          {
            "max": undefined,
            "min": undefined,
            "now": undefined,
            "text": undefined,
          }
        }
        accessible={true}
        collapsable={false}
        focusable={false}
        onClick={[Function]}
        onResponderGrant={[Function]}
        onResponderMove={[Function]}
        onResponderRelease={[Function]}
        onResponderTerminate={[Function]}
        onResponderTerminationRequest={[Function]}
        onStartShouldSetResponder={[Function]}
        style={
          {
            "alignItems": "center",
            "backgroundColor": "#0065FE",
            "borderColor": "#0065FE",
            "borderRadius": 4,
            "borderStyle": "solid",
            "borderWidth": 0,
            "flexDirection": "column",
            "height": 40,
            "justifyContent": "center",
            "minWidth": 92,
            "opacity": 1,
            "paddingHorizontal": 8,
          }
        }
      >
        <View
          style={
            [
              {
                "alignItems": "center",
                "flexDirection": "row",
                "flexWrap": "nowrap",
                "justifyContent": "center",
              },
              undefined,
            ]
          }
        >
          <Text
            numberOfLines={1}
            style={
              {
                "color": "#FFFFFF",
                "fontSize": 15,
                "marginLeft": 0,
                "textAlign": "center",
              }
            }
          >
            文案
          </Text>
        </View>
      </View>
    </View>
  </View>
</View>
`;
