// Jest Snapshot v1, https://goo.gl/fbAQLP

exports[`Blank render snapshot 1`] = `
<View
  style={
    [
      {
        "marginBottom": 0,
        "marginLeft": 12,
        "marginRight": 12,
        "marginTop": 0,
      },
      undefined,
    ]
  }
>
  <Text>
    Content
  </Text>
</View>
`;
